[solar-digital.com/index.html]
[backblue.gif]
[fade.gif]
[index.html]
[solar-digital.com/images/page/1/ogp/home.jpg]
[solar-digital.com/images/favicons/apple-icon-57x57.png]
[solar-digital.com/images/favicons/apple-icon-60x60.png]
[solar-digital.com/images/favicons/apple-icon-72x72.png]
[solar-digital.com/images/favicons/apple-icon-76x76.png]
[solar-digital.com/images/favicons/favicon-32x32.png]
[solar-digital.com/images/favicons/favicon-96x96.png]
[solar-digital.com/images/favicons/favicon-16x16.png]
[solar-digital.com/images/favicons/apple-icon-114x114.png]
[solar-digital.com/images/favicons/apple-icon-120x120.png]
[solar-digital.com/images/favicons/apple-icon-144x144.png]
[solar-digital.com/images/favicons/apple-icon-152x152.png]
[solar-digital.com/images/favicons/apple-icon-180x180.png]
[solar-digital.com/images/favicons/android-icon-192x192.png]
[solar-digital.com/images/logo-red.svg]
[solar-digital.com/images/logo-black.svg]
[solar-digital.com/best-cases.html]
[solar-digital.com/about.html]
[solar-digital.com/portfolio/stark-research.html]
[solar-digital.com/portfolio/look-good.html]
[solar-digital.com/portfolio/sailica-mvp-development.html]
[solar-digital.com/portfolio/cinq-ios.html]
[solar-digital.com/portfolio/firusas-branding.html]
[solar-digital.com/portfolio/indigem.html]
[solar-digital.com/portfolio/firusas.html]
[solar-digital.com/portfolio/buddhapizza.html]
[solar-digital.com/portfolio.html]
[solar-digital.com/files/showreel44cd.jpg]
[solar-digital.com/blog/why-branding-is-important-for-the-travel-businesses.html]
[solar-digital.com/blog/startups.html]
[solar-digital.com/blog/models-of-cooperation-in-the-it-business.html]
[solar-digital.com/blog/how-logistics-companies-can-benefit-from-innovative-solar-digital-software-development-services.html]
[solar-digital.com/blog/technologies.html]
[connect.facebook.net/en_US/sdk.js]
[solar-digital.com/blog.html]
[solar-digital.com/project.html]
[solar-digital.com/dedicated-team.html]
[solar-digital.com/contacts.html]
[solar-digital.com/sitemap.html]
[solar-digital.com/terms-of-use.html]
[solar-digital.com/privacy-policy.html]
[solar-digital.com/services.html]
[solar-digital.com/services/branding.html]
[solar-digital.com/services/ux-ui-design.html]
[solar-digital.com/services/corporate-websites.html]
[solar-digital.com/services/mobile-applications.html]
[solar-digital.com/services/mvp-starups.html]
[solar-digital.com/services/ecommerce.html]
[solar-digital.com/services/wow-websites.html]
[solar-digital.com/services/portals-and-services.html]
[solar-digital.com/portfolio/branding.html]
[solar-digital.com/portfolio/ux-ui-design.html]
[solar-digital.com/portfolio/websites.html]
[solar-digital.com/portfolio/mobile-apps.html]
[solar-digital.com/blog/design.html]
[solar-digital.com/files/SOLAR portfolio new – ENG.pdf]
[solar-digital.com/css/frontenddd47.css]
[solardigtal.disqus.com/embed.js]
[solar-digital.com/js/frontend517c.js]
[solardigtal.disqus.com/count.js]
[www.google.com/recaptcha/api6acc.js]
[solar-digital.com/index.html]
[www.googletagmanager.com/gtm5445.html]
[solar-digital.com/images/logo-red.svg]
[solar-digital.com/images/logo-black.svg]
[solar-digital.com/images/solar.png]
[solar-digital.com/portfolio/frisco.html]
[solar-digital.com/portfolio/easytrade-platform.html]
[solar-digital.com/images/portfolio/3/main/buddhapizza.jpg]
[solar-digital.com/images/portfolio/4/main/stark-research.jpg]
[solar-digital.com/images/portfolio/11/main/frisco.jpg]
[solar-digital.com/images/portfolio/22/main/firusas.jpg]
[solar-digital.com/images/portfolio/25/main/sailica-mvp-development.jpg]
[solar-digital.com/images/portfolio/33/main/easytrade-platform.jpg]
[solar-digital.com/images/portfolio/51/main/cinq-ios.jpg]
[solar-digital.com/best-cases.html]
[solar-digital.com/images/page/2/ogp/about.jpg]
[solar-digital.com/portfolio/cinq.html]
[solar-digital.com/portfolio/belichberg.html]
[solar-digital.com/portfolio/stark-web.html]
[solar-digital.com/portfolio/ropedup.html]
[solar-digital.com/portfolio/olir2.html]
[solar-digital.com/about.html]
[solar-digital.com/portfolio/infinox.html]
[solar-digital.com/images/portfolio/4/thumb/stark-portal.png]
[solar-digital.com/portfolio/cinq-branding.html]
[solar-digital.com/portfolio/horostech.html]
[solar-digital.com/portfolio/stark-research-v10.html]
[solar-digital.com/images/content/15392647380.png]
[solar-digital.com/images/content/15392647480.png]
[solar-digital.com/portfolio/stark-research-ios-app.html]
[solar-digital.com/portfolio/stark-research.html]
[static.addtoany.com/menu/page.js]
[solar-digital.com/images/portfolio/5/thumb/look-good.png]
[solar-digital.com/portfolio/easytrade-promo-clip.html]
[solar-digital.com/images/portfolio/5/main/look-good.jpg]
[solar-digital.com/images/content/15386626260.png]
[solar-digital.com/images/content/15386628840.png]
[solar-digital.com/portfolio/look-good.html]
[solar-digital.com/images/portfolio/25/thumb/sailica-mvp-development.jpg]
[solar-digital.com/portfolio/buddhapizza-branding.html]
[solar-digital.com/portfolio/tavria-v.html]
[solar-digital.com/portfolio/sailica.html]
[solar-digital.com/portfolio/sailica-mvp-development.html]
[solar-digital.com/portfolio/sailica-app.html]
[solar-digital.com/images/portfolio/51/thumb/cinq-ios.jpg]
[solar-digital.com/portfolio/steb.html]
[solar-digital.com/portfolio/cinq-ios.html]
[solar-digital.com/portfolio/estcasino.html]
[solar-digital.com/images/portfolio/64/thumb/firusas-branding.jpg]
[solar-digital.com/portfolio/montosite.html]
[solar-digital.com/portfolio/finverity.html]
[solar-digital.com/images/portfolio/64/main/firusas-branding.jpg]
[solar-digital.com/content-images/15578313800.mp4]
[solar-digital.com/portfolio/firusas-branding.html]
[solar-digital.com/images/portfolio/65/thumb/indigem.jpg]
[solar-digital.com/portfolio/underdog.html]
[solar-digital.com/images/portfolio/65/main/indigem.jpg]
[solar-digital.com/portfolio/indigem.html]
[solar-digital.com/images/portfolio/22/thumb/firusas.jpg]
[solar-digital.com/portfolio/ropedup1.html]
[solar-digital.com/portfolio/firusas.html]
[solar-digital.com/portfolio/bibua.html]
[solar-digital.com/images/portfolio/3/thumb/buddhapizza.jpg]
[solar-digital.com/content-images/15420199760.mp4]
[solar-digital.com/portfolio/buddhapizza.html]
[solar-digital.com/portfolio/page-2.html]
[solar-digital.com/images/page/6/ogp/portfolio.jpg]
[solar-digital.com/portfolio/touch-tech-portfolio.html]
[solar-digital.com/portfolio/branding-monto.html]
[solar-digital.com/portfolio/sailica-ios-quest.html]
[solar-digital.com/portfolio/stark-promo-clip.html]
[solar-digital.com/portfolio/sheriff-branding.html]
[solar-digital.com/portfolio/utopia.html]
[solar-digital.com/portfolio/iteris.html]
[solar-digital.com/portfolio.html]
[solar-digital.com/portfolio/page-3.html]
[solar-digital.com/images/post/26/thumb/why-branding-is-important-for-the-travel-businesses.jpg]
[solar-digital.com/blog/authors/david-roberts.html]
[solar-digital.com/images/author/8/1546412184.jpg]
[solar-digital.com/images/content/15580778090.jpg]
[solar-digital.com/images/content/15580790040.jpg]
[solar-digital.com/images/content/15580886580.png]
[solar-digital.com/portfolio/klazz.html]
[solar-digital.com/portfolio/gettravel.html]
[solar-digital.com/blog/start-ups-first-aid/index.html]
[solar-digital.com/blog/tag-8.html]
[solar-digital.com/blog/the-keys-to-find-a-balance-between-design-deliverables-and-presentation-skills/index.html]
[solar-digital.com/blog/the-must-have-functions-of-a-modern-logistics-supply-chain-software/index.html]
[solar-digital.com/blog/tag-5.html]
[solar-digital.com/blog/the-must-have-functions-of-a-modern-logistics-supply-chain-software.html]
[solar-digital.com/blog/custom-website-vs-template-website-which-is-right-and-why.html]
[solar-digital.com/blog/why-branding-is-important-for-the-travel-businesses.html]
[solar-digital.com/blog/what-comes-first-design-or-content.html]
[solar-digital.com/images/fixes/filter_icn-01.svg]
[solar-digital.com/blog/teleporter-conception-design-thinking-approach.html]
[solar-digital.com/blog/how-does-artificial-intelligence-change-business-models.html]
[solar-digital.com/blog/real-world-case-for-ethereum-usage.html]
[solar-digital.com/blog/blogsolar-digital-joins-clutch.html]
[solar-digital.com/blog/startups.html]
[solar-digital.com/blog/start-ups-first-aid.html]
[solar-digital.com/images/post/27/thumb/models-of-cooperation-in-the-it-business.png]
[sd-en.solardigital.com.ua/images/content/15587286390.jpg]
[sd-en.solardigital.com.ua/images/content/15587285700.png]
[sd-en.solardigital.com.ua/images/content/15587287770.png]
[solar-digital.com/blog/tag-6.html]
[solar-digital.com/blog/how-ai-has-started-to-impact-the-work-of-designers/index.html]
[solar-digital.com/blog/models-of-cooperation-in-the-it-business.html]
[solar-digital.com/blog/machine-learning-top-problems-for-the-upcoming-years.html]
[solar-digital.com/images/post/28/thumb/how-logistics-companies-can-benefit-from-innovative-solar-digital-software-development-services.png]
[solar-digital.com/images/content/15464206590.jpg]
[solar-digital.com/images/content/15587066070.jpg]
[solar-digital.com/images/content/15587050960.png]
[solar-digital.com/blog/machine-learning-top-problems-for-the-upcoming-years/index.html]
[solar-digital.com/blog/how-logistics-companies-can-benefit-from-innovative-solar-digital-software-development-services.html]
[solar-digital.com/blog/tag-11.html]
[solar-digital.com/blog/how-ai-can-help-your-business-grow.html]
[solar-digital.com/blog/technical-debt-what-are-my-obligations.html]
[solar-digital.com/blog/ui-ux-principles-for-e-commerce-products-influenced-by-the-fintech.html]
[solar-digital.com/blog/how-ai-has-started-to-impact-the-work-of-designers.html]
[solar-digital.com/blog/technologies.html]
[solar-digital.com/blog/how-to-overcome-the-common-etiquette-breaches-in-code-reviews.html]
[solar-digital.com/images/page/11/ogp/blog.png]
[solar-digital.com/blog/the-keys-to-find-a-balance-between-design-deliverables-and-presentation-skills.html]
[solar-digital.com/blog/12-overview-of-the-newest-features-of-apple-ios-11.html]
[solar-digital.com/blog/10-tips-for-a-better-git-commit-message.html]
[solar-digital.com/blog.html]
[connect.facebook.net/en_US/sdk.js]
[solar-digital.com/blog/the-future-of-rapid-prototyping-with-the-studio-tool.html]
[solar-digital.com/images/page/29/ogp/project.jpg]
[solar-digital.com/images/content/15620634530.gif]
[solar-digital.com/images/portfolio/11/thumb/frisco.jpg]
[solar-digital.com/images/portfolio/60/thumb/sailica-app.png]
[solar-digital.com/images/post/12/thumb/how-does-artificial-intelligence-change-business-models.jpg]
[solar-digital.com/images/post/13/thumb/what-comes-first-design-or-content.jpg]
[solar-digital.com/images/post/16/thumb/the-must-have-functions-of-a-modern-logistics-supply-chain-software.jpg]
[solar-digital.com/project.html]
[solar-digital.com/images/page/30/ogp/dedicated-team.jpg]
[solar-digital.com/images/content/15620583570.gif]
[solar-digital.com/portfolio/kidventica-branding.html]
[solar-digital.com/images/portfolio/42/thumb/kidventica-branding.png]
[solar-digital.com/images/post/9/thumb/technical-debt-what-are-my-obligations.jpg]
[solar-digital.com/images/post/15/thumb/10-tips-for-a-better-git-commit-message.jpg]
[solar-digital.com/dedicated-team.html]
[solar-digital.com/images/page/4/ogp/contacts.png]
[solar-digital.com/contacts.html]
[solar-digital.com/portfolio/cat-house.html]
[solar-digital.com/portfolio/logo-generator.html]
[solar-digital.com/portfolio/favorit.html]
[solar-digital.com/portfolio/lawless-tech.html]
[solar-digital.com/portfolio/revenuelab-landing.html]
[solar-digital.com/portfolio/easy-trade.html]
[solar-digital.com/portfolio/diabetico.html]
[solar-digital.com/portfolio/lawlesstech.html]
[solar-digital.com/portfolio/revenuelab-logo.html]
[solar-digital.com/portfolio/2birds.html]
[solar-digital.com/portfolio/mekinaye.html]
[solar-digital.com/portfolio/hitstats.html]
[solar-digital.com/portfolio/beletage.html]
[solar-digital.com/portfolio/binotrade.html]
[solar-digital.com/portfolio/tully.html]
[solar-digital.com/portfolio/castagnette.html]
[solar-digital.com/portfolio/kassir24.html]
[solar-digital.com/portfolio/kidventica.html]
[solar-digital.com/portfolio/3draft.html]
[solar-digital.com/portfolio/get-trevel-logo.html]
[solar-digital.com/sitemap.html]
[solar-digital.com/terms-of-use.html]
[solar-digital.com/privacy-policy.html]
[solar-digital.com/portfolio/stark-branding.html]
[solar-digital.com/images/page/18/ogp/services.jpg]
[solar-digital.com/services.html]
[solar-digital.com/branding.html]
[solar-digital.com/images/content/15586872050.gif]
[solar-digital.com/images/portfolio/40/thumb/2birds.png]
[solar-digital.com/images/portfolio/9/thumb/utopia.jpg]
[solar-digital.com/images/portfolio/24/thumb/horostech.png]
[solar-digital.com/services/branding.html]
[solar-digital.com/ux-ui-design.html]
[solar-digital.com/images/content/15664745030.gif]
[solar-digital.com/services/ux-ui-design.html]
[solar-digital.com/images/content/15586874850.gif]
[solar-digital.com/images/portfolio/37/thumb/beletage.png]
[solar-digital.com/images/portfolio/19/thumb/cat-house.jpg]
[solar-digital.com/images/portfolio/36/thumb/3draft.png]
[solar-digital.com/services/corporate-websites.html]
[solar-digital.com/images/content/15664717960.gif]
[solar-digital.com/images/portfolio/44/thumb/httpsitunesapplecomruappstark-research-all-about-cargoesid1161899864mt8.png]
[solar-digital.com/services/mobile-applications.html]
[solar-digital.com/images/content/15664685070.gif]
[solar-digital.com/services/mvp-starups.html]
[solar-digital.com/images/content/15586860500.gif]
[solar-digital.com/images/portfolio/23/thumb/kassir24.jpg]
[solar-digital.com/images/portfolio/28/thumb/tavria-v.jpg]
[solar-digital.com/services/ecommerce.html]
[solar-digital.com/images/content/15586894490.gif]
[solar-digital.com/images/portfolio/45/thumb/belichberg.png]
[solar-digital.com/images/portfolio/20/thumb/olir2.jpg]
[solar-digital.com/services/wow-websites.html]
[solar-digital.com/images/content/15664699610.gif]
[solar-digital.com/images/portfolio/27/thumb/ropedup1.png]
[solar-digital.com/services/portals-and-services.html]
[solar-digital.com/portfolio/branding.html]
[solar-digital.com/portfolio/branding/page-2.html]
[solar-digital.com/portfolio/ux-ui-design.html]
[solar-digital.com/portfolio/ux-ui-design/page-2.html]
[solar-digital.com/portfolio/websites.html]
[solar-digital.com/portfolio/mobile-apps.html]
[solar-digital.com/blog/design.html]
[solar-digital.com/portfolio/websites/page-2.html]
[solar-digital.com/fonts/HelveticaBold17fb.eot]
[solar-digital.com/fonts/HelveticaBold82bb.eot]
[solar-digital.com/fonts/HelveticaBoldd64e.woff]
[solar-digital.com/fonts/HelveticaBold7dd4.ttf]
[solar-digital.com/fonts/HelveticaLight2f68.eot]
[solar-digital.com/fonts/HelveticaLighte689.eot]
[solar-digital.com/fonts/HelveticaLight0f15.woff]
[solar-digital.com/fonts/HelveticaLightccc0.ttf]
[solar-digital.com/fonts/HelveticaRegular109e.eot]
[solar-digital.com/fonts/HelveticaRegular2e16.eot]
[solar-digital.com/fonts/HelveticaRegulareda4.woff]
[solar-digital.com/fonts/HelveticaRegular4929.ttf]
[solar-digital.com/fonts/HelveticaBoldItalicfbae.eot]
[solar-digital.com/fonts/HelveticaBoldItalicef2f.eot]
[solar-digital.com/fonts/HelveticaBoldItalicf688.woff]
[solar-digital.com/fonts/HelveticaBoldItalic1f71.ttf]
[solar-digital.com/images/select-red.svg]
[solar-digital.com/images/grab-cursor.svg]
[solar-digital.com/images/grabbing-cursor.svg]
[solar-digital.com/images/prev-white.svg]
[solar-digital.com/images/next-white.svg]
[solar-digital.com/images/prev-black.svg]
[solar-digital.com/images/next-black.svg]
[solar-digital.com/images/fire-red.svg]
[solar-digital.com/images/filter-tool.svg]
[solar-digital.com/images/date-black.svg]
[solar-digital.com/images/views-black.svg]
[solar-digital.com/images/comments-black.svg]
[solar-digital.com/images/time-black.svg]
[solar-digital.com/images/date-white.svg]
[solar-digital.com/images/views-white.svg]
[solar-digital.com/images/comments-white.svg]
[solar-digital.com/images/time-white.svg]
[solar-digital.com/images/play-white.svg]
[solar-digital.com/images/quote-red.svg]
[solar-digital.com/images/back-black.svg]
[solar-digital.com/images/back-white.svg]
[solar-digital.com/images/forward-black.svg]
[solar-digital.com/images/forward-white.svg]
[solar-digital.com/images/play-black.svg]
[solar-digital.com/images/play-red.svg]
[solar-digital.com/images/save-black.svg]
[solar-digital.com/images/save-red.svg]
[solar-digital.com/images/logo-white.svg]
[solar-digital.com/images/attaches/doc.svg]
[solar-digital.com/images/attaches/docx.svg]
[solar-digital.com/images/attaches/jpeg.svg]
[solar-digital.com/images/attaches/jpg.svg]
[solar-digital.com/images/attaches/numbers.svg]
[solar-digital.com/images/attaches/page.svg]
[solar-digital.com/images/attaches/pdf.svg]
[solar-digital.com/images/attaches/png.svg]
[solar-digital.com/images/attaches/rar.svg]
[solar-digital.com/images/attaches/unknown.svg]
[solar-digital.com/images/attaches/xls.svg]
[solar-digital.com/images/attaches/xlsx.svg]
[solar-digital.com/images/attaches/zip.svg]
[solar-digital.com/images/add-black.svg]
[solar-digital.com/images/add-white.svg]
[solar-digital.com/images/location-black.svg]
[solar-digital.com/images/location-white.svg]
[solar-digital.com/images/save-white.svg]
[solar-digital.com/images/facebook-black.svg]
[solar-digital.com/images/facebook-red.svg]
[solar-digital.com/images/twitter-black.svg]
[solar-digital.com/images/twitter-red.svg]
[solar-digital.com/images/youtube-black.svg]
[solar-digital.com/images/youtube-red.svg]
[solar-digital.com/images/telegram-black.svg]
[solar-digital.com/images/telegram-red.svg]
[solar-digital.com/images/linkedin-black.svg]
[solar-digital.com/images/linkedin-red.svg]
[solar-digital.com/images/instagram-black.svg]
[solar-digital.com/images/instagram-red.svg]
[solar-digital.com/images/behance-black.svg]
[solar-digital.com/images/behance-red.svg]
[solar-digital.com/images/dribbble-black.svg]
[solar-digital.com/images/dribbble-red.svg]
[solar-digital.com/images/awwwards-black.svg]
[solar-digital.com/images/awwwards-red.svg]
[solar-digital.com/images/clutch-black.svg]
[solar-digital.com/images/clutch-red.svg]
[solar-digital.com/images/prev-red.svg]
[solar-digital.com/images/next-red.svg]
[solar-digital.com/images/facebook-white.svg]
[solar-digital.com/images/twitter-white.svg]
[solar-digital.com/images/vk-black.svg]
[solar-digital.com/images/vk-white.svg]
[solar-digital.com/images/telegram-white.svg]
[solar-digital.com/images/google-plus-black.svg]
[solar-digital.com/images/google-plus-white.svg]
[solar-digital.com/images/mail-black.svg]
[solar-digital.com/images/mail-white.svg]
[solar-digital.com/images/copy-black.svg]
[solar-digital.com/css/frontenddd47.css]
[solar-digital.com/images/copy-white.svg]
[solar-digital.com/images/content/15396108720.png]
[solar-digital.com/portfolio/frisco.html]
[solar-digital.com/images/portfolio/33/thumb/easytrade-platform.jpg]
[solar-digital.com/content-images/15420197300.mp4]
[solar-digital.com/portfolio/easytrade-platform.html]
[solar-digital.com/images/portfolio/49/thumb/cinq.png]
[solar-digital.com/images/portfolio/49/main/cinq.jpg]
[solar-digital.com/portfolio/cinq.html]
[solar-digital.com/images/portfolio/45/main/belichberg.jpg]
[solar-digital.com/content-images/15429833230.mp4]
[solar-digital.com/images/content/15405490580.png]
[solar-digital.com/portfolio/belichberg.html]
[solar-digital.com/images/portfolio/57/thumb/stark-web.png]
[solar-digital.com/images/portfolio/57/main/stark-web.jpg]
[solar-digital.com/portfolio/stark-web.html]
[solar-digital.com/images/portfolio/26/thumb/ropedup.jpg]
[solar-digital.com/images/portfolio/26/main/ropedup.jpg]
[solar-digital.com/portfolio/ropedup.html]
[solar-digital.com/images/portfolio/20/main/olir2.jpg]
[solar-digital.com/content-images/15417617370.mp4]
[solar-digital.com/images/content/15440295780.png]
[solar-digital.com/content-images/15421263220.mp4]
[solar-digital.com/content-images/15421263130.mp4]
[solar-digital.com/images/content/15440296040.png]
[solar-digital.com/portfolio/olir2.html]
[solar-digital.com/images/portfolio/54/thumb/infinox.jpg]
[solar-digital.com/images/portfolio/54/main/infinox.jpg]
[solar-digital.com/portfolio/infinox.html]
[solar-digital.com/images/portfolio/48/thumb/cinq-branding.png]
[solar-digital.com/images/portfolio/48/main/cinq-branding.jpg]
[solar-digital.com/content-images/15423792940.mp4]
[solar-digital.com/portfolio/cinq-branding.html]
[solar-digital.com/images/portfolio/24/main/horostech.jpg]
[solar-digital.com/portfolio/horostech.html]
[solar-digital.com/images/portfolio/39/thumb/stark-research-v10.jpg]
[solar-digital.com/images/portfolio/39/main/stark-research-v10.jpg]
[solar-digital.com/portfolio/stark-research-v10.html]
[solar-digital.com/images/portfolio/44/main/stark-research-ios-app.jpg]
[solar-digital.com/portfolio/stark-research-ios-app.html]
[solar-digital.com/images/portfolio/32/thumb/easytrade-promo-clip.png]
[solar-digital.com/images/portfolio/32/main/easytrade-promo-clip.jpg]
[solar-digital.com/content-images/15420181170.mp4]
[solar-digital.com/portfolio/easytrade-promo-clip.html]
[solar-digital.com/images/portfolio/61/thumb/buddhapizza-branding.png]
[solar-digital.com/images/portfolio/61/main/buddhapizza-branding.jpg]
[solar-digital.com/content-images/15428152660.mp4]
[solar-digital.com/portfolio/buddhapizza-branding.html]
[solar-digital.com/images/portfolio/28/main/tavria-v.jpg]
[solar-digital.com/portfolio/tavria-v.html]
[solar-digital.com/images/portfolio/35/thumb/sailica.jpg]
[solar-digital.com/images/portfolio/35/main/sailica.jpg]
[solar-digital.com/images/content/15440293960.png]
[solar-digital.com/portfolio/sailica.html]
[solar-digital.com/images/portfolio/60/main/sailica-app.jpg]
[solar-digital.com/content-images/15429018280.mp4]
[solar-digital.com/portfolio/sailica-app.html]
[solar-digital.com/images/portfolio/52/thumb/steb.jpg]
[solar-digital.com/images/portfolio/52/main/steb.jpg]
[solar-digital.com/content-images/15423836450.mp4]
[solar-digital.com/content-images/15423836550.mp4]
[solar-digital.com/images/content/15578407490.png]
[solar-digital.com/images/content/15578407710.png]
[solar-digital.com/images/content/15578407860.png]
[solar-digital.com/images/content/15578408070.png]
[solar-digital.com/portfolio/steb.html]
[solar-digital.com/images/portfolio/29/thumb/estcasino.png]
[solar-digital.com/images/portfolio/29/main/estcasino.jpg]
[solar-digital.com/images/content/15395970280.gif]
[solar-digital.com/images/content/15420215920.png]
[solar-digital.com/portfolio/estcasino.html]
[solar-digital.com/images/portfolio/68/thumb/montosite.jpg]
[solar-digital.com/images/portfolio/68/main/montosite.jpg]
[solar-digital.com/portfolio/montosite.html]
[solar-digital.com/images/portfolio/66/thumb/finverity.jpg]
[solar-digital.com/images/portfolio/66/main/finverity.jpg]
[solar-digital.com/portfolio/finverity.html]
[solar-digital.com/images/portfolio/71/thumb/underdog.gif]
[solar-digital.com/images/portfolio/71/main/underdog.jpg]
[solar-digital.com/portfolio/underdog.html]
[solar-digital.com/images/portfolio/27/main/ropedup1.jpg]
[solar-digital.com/images/content/15420286700.png]
[solar-digital.com/portfolio/ropedup1.html]
[solar-digital.com/images/portfolio/17/thumb/bibua.png]
[solar-digital.com/images/portfolio/17/main/bibua.jpg]
[solar-digital.com/portfolio/bibua.html]
[solar-digital.com/portfolio/page-2.html]
[solar-digital.com/images/portfolio/69/thumb/touch-tech-portfolio.jpg]
[solar-digital.com/images/portfolio/69/main/touch-tech-portfolio.jpg]
[solar-digital.com/portfolio/touch-tech-portfolio.html]
[solar-digital.com/images/portfolio/70/thumb/branding-monto.jpg]
[solar-digital.com/images/portfolio/70/main/branding-monto.jpg]
[solar-digital.com/content-images/15640590720.mp4]
[solar-digital.com/content-images/15640594370.mp4]
[solar-digital.com/portfolio/branding-monto.html]
[solar-digital.com/images/portfolio/62/thumb/sailica-ios-quest.png]
[solar-digital.com/images/portfolio/62/main/sailica-ios-quest.jpg]
[solar-digital.com/portfolio/sailica-ios-quest.html]
[solar-digital.com/images/portfolio/47/thumb/stark-promo-clip.png]
[solar-digital.com/images/portfolio/47/main/stark-promo-clip.jpg]
[solar-digital.com/content-images/15420238280.mp4]
[solar-digital.com/portfolio/stark-promo-clip.html]
[solar-digital.com/images/portfolio/59/thumb/sheriff-branding.png]
[solar-digital.com/images/portfolio/59/main/sheriff-branding.jpg]
[solar-digital.com/portfolio/sheriff-branding.html]
[solar-digital.com/images/portfolio/9/main/utopia.jpg]
[solar-digital.com/images/content/15392649960.png]
[solar-digital.com/content-images/15579255470.mp4]
[solar-digital.com/images/content/15392650350.png]
[solar-digital.com/images/content/15392650590.png]
[solar-digital.com/images/content/15392652040.png]
[solar-digital.com/portfolio/utopia.html]
[solar-digital.com/images/portfolio/41/thumb/iteris.png]
[solar-digital.com/images/portfolio/41/main/iteris.jpg]
[solar-digital.com/portfolio/iteris.html]
[solar-digital.com/portfolio/page-3.html]
[solar-digital.com/blog/authors/david-roberts.html]
[solar-digital.com/images/portfolio/12/thumb/klazz.jpg]
[solar-digital.com/images/portfolio/12/main/klazz.jpg]
[solar-digital.com/portfolio/klazz.html]
[solar-digital.com/images/portfolio/13/thumb/gettravel.jpg]
[solar-digital.com/images/portfolio/13/main/gettravel.jpg]
[solar-digital.com/portfolio/gettravel.html]
[solar-digital.com/images/post/10/thumb/start-ups-first-aid.jpg]
[solar-digital.com/blog/authors/kyle-solar.html]
[solar-digital.com/images/author/4/1543767545.jpg]
[solar-digital.com/images/content/15410832110.jpg]
[solar-digital.com/images/content/15411697400.png]
[solar-digital.com/blog/tag-13.html]
[solar-digital.com/blog/custom-website-vs-template-website-which-is-right-and-why/index.html]
[solar-digital.com/blog/the-future-of-rapid-prototyping-with-the-studio-tool/index.html]
[solar-digital.com/blog/start-ups-first-aid/index.html]
[solar-digital.com/blog/tag-3.html]
[solar-digital.com/blog/what-comes-first-design-or-content/index.html]
[solar-digital.com/images/content/15411488500.png]
[solar-digital.com/images/content/15411488810.jpg]
[solar-digital.com/images/content/15411488970.jpg]
[solar-digital.com/images/content/15411489270.jpg]
[solar-digital.com/images/content/15411489490.jpg]
[solar-digital.com/images/content/15411489760.jpg]
[solar-digital.com/dashboard/blog/10/solar-digital.com]
[solar-digital.com/blog/the-must-have-functions-of-a-modern-logistics-supply-chain-software/index.html]
[solar-digital.com/images/post/25/thumb/the-keys-to-find-a-balance-between-design-deliverables-and-presentation-skills.jpg]
[solar-digital.com/blog/authors/alina-kovalchuk.html]
[solar-digital.com/images/author/6/1543997390.jpg]
[solar-digital.com/images/content/15411685160.jpg]
[solar-digital.com/images/content/15411686130.jpg]
[solar-digital.com/images/content/15411686840.jpg]
[solar-digital.com/images/content/15411687300.jpg]
[solar-digital.com/blog/the-keys-to-find-a-balance-between-design-deliverables-and-presentation-skills/index.html]
[solar-digital.com/blog/tag-8.html]
[solar-digital.com/blog/tag-5.html]
[solar-digital.com/blog/the-must-have-functions-of-a-modern-logistics-supply-chain-software.html]
[solar-digital.com/blog/tag-2.html]
[solar-digital.com/blog/ui-ux-principles-for-e-commerce-products-influenced-by-the-fintech/index.html]
[solar-digital.com/images/post/22/thumb/custom-website-vs-template-website-which-is-right-and-why.jpg]
[solar-digital.com/images/content/15411662250.jpg]
[solar-digital.com/images/content/15411662480.jpg]
[solar-digital.com/images/content/15411663080.jpg]
[solar-digital.com/blog/tag-1.html]
[solar-digital.com/blog/custom-website-vs-template-website-which-is-right-and-why.html]
[solar-digital.com/blog/tag-7.html]
[solar-digital.com/blog/authors/andy-konrad.html]
[solar-digital.com/images/author/9/1546413756.jpg]
[solar-digital.com/images/content/15411469240.jpg]
[solar-digital.com/blog/what-comes-first-design-or-content.html]
[solar-digital.com/images/fixes/filter_icn-01.svg]
[solar-digital.com/images/post/11/thumb/teleporter-conception-design-thinking-approach.jpg]
[solar-digital.com/images/content/15411457340.jpg]
[solar-digital.com/blog/teleporter-conception-design-thinking-approach.html]
[solar-digital.com/images/content/15411462320.jpg]
[solar-digital.com/images/content/15411462850.jpg]
[solar-digital.com/images/content/15411463950.jpg]
[solar-digital.com/blog/how-does-artificial-intelligence-change-business-models.html]
[solar-digital.com/blog/tag-4.html]
[solar-digital.com/blog/teleporter-conception-design-thinking-approach/index.html]
[solar-digital.com/images/post/14/thumb/real-world-case-for-ethereum-usage.jpg]
[solar-digital.com/images/content/15411470680.jpg]
[solar-digital.com/blog/real-world-case-for-ethereum-usage.html]
[solar-digital.com/blog/tag-12.html]
[solar-digital.com/blog/how-does-artificial-intelligence-change-business-models/index.html]
[solar-digital.com/images/post/20/thumb/blogsolar-digital-joins-clutch.jpg]
[solar-digital.com/images/content/15411654290.jpg]
[solar-digital.com/blog/blogsolar-digital-joins-clutch.html]
[solar-digital.com/blog/start-ups-first-aid.html]
[solar-digital.com/images/post/24/thumb/how-ai-has-started-to-impact-the-work-of-designers.jpg]
[solar-digital.com/blog/why-branding-is-important-for-the-travel-businesses/index.html]
[solar-digital.com/images/content/15411677240.jpg]
[solar-digital.com/images/content/15411677820.jpg]
[solar-digital.com/images/content/15411678310.png]
[solar-digital.com/images/content/15411679020.jpg]
[solar-digital.com/images/content/15411679660.gif]
[solar-digital.com/images/content/15411680360.jpg]
[solar-digital.com/blog/how-ai-has-started-to-impact-the-work-of-designers/index.html]
[solar-digital.com/blog/tag-6.html]
[solar-digital.com/images/post/17/thumb/machine-learning-top-problems-for-the-upcoming-years.jpg]
[solar-digital.com/images/content/15411493760.jpg]
[solar-digital.com/images/content/15411494770.jpg]
[solar-digital.com/blog/machine-learning-top-problems-for-the-upcoming-years.html]
[solar-digital.com/blog/machine-learning-top-problems-for-the-upcoming-years/index.html]
[solar-digital.com/blog/tag-11.html]
[solar-digital.com/images/post/29/thumb/how-ai-can-help-your-business-grow.png]
[solar-digital.com/images/content/15616277180.jpg]
[solar-digital.com/images/content/15616277440.jpg]
[solar-digital.com/images/content/15616277720.jpg]
[solar-digital.com/blog/how-ai-can-help-your-business-grow.html]
[solar-digital.com/blog/authors/dmitry-ivanov.html]
[solar-digital.com/images/author/10/1558968337.jpg]
[solar-digital.com/images/content/15410827270.jpg]
[solar-digital.com/blog/technical-debt-what-are-my-obligations.html]
[solar-digital.com/images/post/19/thumb/ui-ux-principles-for-e-commerce-products-influenced-by-the-fintech.jpg]
[solar-digital.com/blog/how-to-overcome-the-common-etiquette-breaches-in-code-reviews/index.html]
[solar-digital.com/blog/10-tips-for-a-better-git-commit-message/index.html]
[solar-digital.com/images/content/15411649720.png]
[solar-digital.com/blog/ui-ux-principles-for-e-commerce-products-influenced-by-the-fintech.html]
[solar-digital.com/blog/how-ai-has-started-to-impact-the-work-of-designers.html]
[solar-digital.com/images/post/21/thumb/how-to-overcome-the-common-etiquette-breaches-in-code-reviews.jpg]
[solar-digital.com/blog/authors/dmitry-babitsky.html]
[solar-digital.com/images/author/5/1543997250.jpg]
[solar-digital.com/images/content/15411657840.png]
[solar-digital.com/images/content/15411658030.png]
[solar-digital.com/blog/how-to-overcome-the-common-etiquette-breaches-in-code-reviews.html]
[solar-digital.com/blog/the-keys-to-find-a-balance-between-design-deliverables-and-presentation-skills.html]
[solar-digital.com/images/post/23/thumb/12-overview-of-the-newest-features-of-apple-ios-11.jpg]
[solar-digital.com/images/content/15411670150.jpg]
[solar-digital.com/images/content/15411675270.jpg]
[solar-digital.com/blog/technical-debt-what-are-my-obligations/index.html]
[solar-digital.com/images/content/15411671470.jpg]
[solar-digital.com/blog/12-overview-of-the-newest-features-of-apple-ios-11.html]
[solar-digital.com/blog/tag-9.html]
[solar-digital.com/images/content/15411472540.jpg]
[solar-digital.com/blog/10-tips-for-a-better-git-commit-message.html]
[solar-digital.com/images/post/18/thumb/the-future-of-rapid-prototyping-with-the-studio-tool.jpg]
[solar-digital.com/images/content/15411646880.png]
[solar-digital.com/images/content/15411647110.png]
[solar-digital.com/blog/the-future-of-rapid-prototyping-with-the-studio-tool.html]
[solar-digital.com/images/portfolio/42/main/kidventica-branding.jpg]
[solar-digital.com/portfolio/kidventica-branding.html]
[solar-digital.com/images/portfolio/19/main/cat-house.jpg]
[solar-digital.com/content-images/15420195410.mp4]
[solar-digital.com/images/content/15393304980.png]
[solar-digital.com/portfolio/cat-house.html]
[solar-digital.com/images/portfolio/53/thumb/logo-generator.png]
[solar-digital.com/images/portfolio/53/main/logo-generator.png]
[solar-digital.com/portfolio/logo-generator.html]
[solar-digital.com/images/portfolio/55/thumb/favorit.png]
[solar-digital.com/images/portfolio/55/main/favorit.jpg]
[solar-digital.com/portfolio/favorit.html]
[solar-digital.com/images/portfolio/50/thumb/lawless-tech.png]
[solar-digital.com/images/portfolio/50/main/lawless-tech.jpg]
[solar-digital.com/portfolio/lawless-tech.html]
[solar-digital.com/images/portfolio/31/thumb/revenuelab-landing.jpg]
[solar-digital.com/images/portfolio/31/main/revenuelab-landing.jpg]
[solar-digital.com/portfolio/revenuelab-landing.html]
[solar-digital.com/images/portfolio/6/thumb/easy-trade.png]
[solar-digital.com/images/portfolio/6/main/easy-trade.jpg]
[solar-digital.com/images/content/15395969750.gif]
[solar-digital.com/portfolio/easy-trade.html]
[solar-digital.com/images/portfolio/63/thumb/diabetico.jpg]
[solar-digital.com/images/portfolio/63/main/diabetico.jpg]
[solar-digital.com/portfolio/diabetico.html]
[solar-digital.com/images/portfolio/16/thumb/lawlesstech.png]
[solar-digital.com/images/portfolio/16/main/lawlesstech.jpg]
[solar-digital.com/portfolio/lawlesstech.html]
[solar-digital.com/images/portfolio/15/thumb/revenuelab-logo.png]
[solar-digital.com/images/portfolio/15/main/revenuelab-logo.jpg]
[solar-digital.com/portfolio/revenuelab-logo.html]
[solar-digital.com/images/portfolio/40/main/2birds.jpg]
[solar-digital.com/portfolio/2birds.html]
[solar-digital.com/images/portfolio/21/thumb/mekinaye.jpg]
[solar-digital.com/images/portfolio/21/main/mekinaye.jpg]
[solar-digital.com/images/content/15395968270.gif]
[solar-digital.com/images/content/15393598500.png]
[solar-digital.com/portfolio/mekinaye.html]
[solar-digital.com/images/portfolio/18/thumb/hitstats.jpg]
[solar-digital.com/images/portfolio/18/main/hitstats.jpg]
[solar-digital.com/images/content/15395962680.png]
[solar-digital.com/images/content/15392722530.png]
[solar-digital.com/portfolio/hitstats.html]
[solar-digital.com/images/portfolio/37/main/beletage.jpg]
[solar-digital.com/portfolio/beletage.html]
[solar-digital.com/images/portfolio/34/thumb/binotrade.jpg]
[solar-digital.com/images/portfolio/34/main/binotrade.jpg]
[solar-digital.com/images/content/15395968590.gif]
[solar-digital.com/portfolio/binotrade.html]
[solar-digital.com/images/portfolio/1/thumb/tully.jpg]
[solar-digital.com/images/portfolio/1/main/tully.jpg]
[solar-digital.com/portfolio/tully.html]
[solar-digital.com/images/portfolio/2/thumb/castagnette.jpg]
[solar-digital.com/images/portfolio/2/main/castagnette.jpg]
[solar-digital.com/portfolio/castagnette.html]
[solar-digital.com/images/portfolio/23/main/kassir24.jpg]
[solar-digital.com/portfolio/kassir24.html]
[solar-digital.com/images/portfolio/43/thumb/kidventica.jpg]
[solar-digital.com/images/portfolio/43/main/kidventica.jpg]
[solar-digital.com/portfolio/kidventica.html]
[solar-digital.com/images/portfolio/36/main/3draft.jpg]
[solar-digital.com/portfolio/3draft.html]
[solar-digital.com/images/portfolio/38/thumb/get-trevel-logo.jpg]
[solar-digital.com/images/portfolio/38/main/get-trevel-logo.jpg]
[solar-digital.com/portfolio/get-trevel-logo.html]
[solar-digital.com/images/portfolio/58/thumb/stark-branding.png]
[solar-digital.com/images/portfolio/58/main/stark-branding.jpg]
[solar-digital.com/portfolio/stark-branding.html]
[solar-digital.com/branding.html]
[solar-digital.com/ux-ui-design.html]
[solar-digital.com/portfolio/branding/page-2.html]
[solar-digital.com/portfolio/ux-ui-design/page-2.html]
[solar-digital.com/portfolio/websites/page-2.html]
[solar-digital.com/images/select-red.svg]
[solar-digital.com/images/grab-cursor.svg]
[solar-digital.com/images/grabbing-cursor.svg]
[solar-digital.com/images/prev-white.svg]
[solar-digital.com/images/next-white.svg]
[solar-digital.com/images/prev-black.svg]
[solar-digital.com/images/next-black.svg]
[solar-digital.com/images/fire-red.svg]
[solar-digital.com/images/filter-tool.svg]
[solar-digital.com/images/date-black.svg]
[solar-digital.com/images/views-black.svg]
[solar-digital.com/images/comments-black.svg]
[solar-digital.com/images/time-black.svg]
[solar-digital.com/images/date-white.svg]
[solar-digital.com/images/views-white.svg]
[solar-digital.com/images/comments-white.svg]
[solar-digital.com/images/time-white.svg]
[solar-digital.com/images/play-white.svg]
[solar-digital.com/images/quote-red.svg]
[solar-digital.com/images/back-black.svg]
[solar-digital.com/images/back-white.svg]
[solar-digital.com/images/forward-black.svg]
[solar-digital.com/images/forward-white.svg]
[solar-digital.com/images/play-black.svg]
[solar-digital.com/images/play-red.svg]
[solar-digital.com/images/save-black.svg]
[solar-digital.com/images/save-red.svg]
[solar-digital.com/images/logo-white.svg]
[solar-digital.com/images/attaches/doc.svg]
[solar-digital.com/images/attaches/docx.svg]
[solar-digital.com/images/attaches/jpeg.svg]
[solar-digital.com/images/attaches/jpg.svg]
[solar-digital.com/images/attaches/numbers.svg]
[solar-digital.com/images/attaches/page.svg]
[solar-digital.com/images/attaches/pdf.svg]
[solar-digital.com/images/attaches/png.svg]
[solar-digital.com/images/attaches/rar.svg]
[solar-digital.com/images/attaches/unknown.svg]
[solar-digital.com/images/attaches/xls.svg]
[solar-digital.com/images/attaches/xlsx.svg]
[solar-digital.com/images/attaches/zip.svg]
[solar-digital.com/images/add-black.svg]
[solar-digital.com/images/add-white.svg]
[solar-digital.com/images/location-black.svg]
[solar-digital.com/images/location-white.svg]
[solar-digital.com/images/save-white.svg]
[solar-digital.com/images/facebook-black.svg]
[solar-digital.com/images/facebook-red.svg]
[solar-digital.com/images/twitter-black.svg]
[solar-digital.com/images/twitter-red.svg]
[solar-digital.com/images/youtube-black.svg]
[solar-digital.com/images/youtube-red.svg]
[solar-digital.com/images/telegram-black.svg]
[solar-digital.com/images/telegram-red.svg]
[solar-digital.com/images/linkedin-black.svg]
[solar-digital.com/images/linkedin-red.svg]
[solar-digital.com/images/instagram-black.svg]
[solar-digital.com/images/instagram-red.svg]
[solar-digital.com/images/behance-black.svg]
[solar-digital.com/images/behance-red.svg]
[solar-digital.com/images/dribbble-black.svg]
[solar-digital.com/images/dribbble-red.svg]
[solar-digital.com/images/awwwards-black.svg]
[solar-digital.com/images/awwwards-red.svg]
[solar-digital.com/images/clutch-black.svg]
[solar-digital.com/images/clutch-red.svg]
[solar-digital.com/images/prev-red.svg]
[solar-digital.com/images/next-red.svg]
[solar-digital.com/images/facebook-white.svg]
[solar-digital.com/images/twitter-white.svg]
[solar-digital.com/images/vk-black.svg]
[solar-digital.com/images/vk-white.svg]
[solar-digital.com/images/telegram-white.svg]
[solar-digital.com/images/google-plus-black.svg]
[solar-digital.com/images/google-plus-white.svg]
[solar-digital.com/images/mail-black.svg]
[solar-digital.com/images/mail-white.svg]
[solar-digital.com/images/copy-black.svg]
[solar-digital.com/images/copy-white.svg]
[solar-digital.com/blog/authors/kyle-solar.html]
[solar-digital.com/blog/custom-website-vs-template-website-which-is-right-and-why/index.html]
[solar-digital.com/blog/the-future-of-rapid-prototyping-with-the-studio-tool/index.html]
[solar-digital.com/blog/what-comes-first-design-or-content/index.html]
[solar-digital.com/blog/tag-13.html]
[solar-digital.com/blog/tag-3.html]
[solar-digital.com/dashboard/blog/10/solar-digital.html]
[solar-digital.com/blog/authors/alina-kovalchuk.html]
[solar-digital.com/blog/ui-ux-principles-for-e-commerce-products-influenced-by-the-fintech/index.html]
[solar-digital.com/blog/tag-2.html]
[solar-digital.com/blog/tag-1.html]
[solar-digital.com/blog/tag-7.html]
[solar-digital.com/blog/authors/andy-konrad.html]
[solar-digital.com/blog/teleporter-conception-design-thinking-approach/index.html]
[solar-digital.com/blog/tag-4.html]
[solar-digital.com/blog/how-does-artificial-intelligence-change-business-models/index.html]
[solar-digital.com/blog/tag-12.html]
[solar-digital.com/blog/why-branding-is-important-for-the-travel-businesses/index.html]
[solar-digital.com/blog/authors/dmitry-ivanov.html]
[solar-digital.com/blog/how-to-overcome-the-common-etiquette-breaches-in-code-reviews/index.html]
[solar-digital.com/blog/10-tips-for-a-better-git-commit-message/index.html]
[solar-digital.com/blog/authors/dmitry-babitsky.html]
[solar-digital.com/blog/technical-debt-what-are-my-obligations/index.html]
[solar-digital.com/blog/tag-9.html]
