[backblue.gif]
[fade.gif]
[index.html]
[halo.cool/favicon/apple-icon-57x57.png]
[halo.cool/favicon/apple-icon-60x60.png]
[halo.cool/favicon/apple-icon-72x72.png]
[halo.cool/favicon/apple-icon-76x76.png]
[halo.cool/favicon/apple-icon-114x114.png]
[halo.cool/favicon/apple-icon-120x120.png]
[halo.cool/favicon/apple-icon-144x144.png]
[halo.cool/favicon/apple-icon-152x152.png]
[halo.cool/favicon/apple-icon-180x180.png]
[halo.cool/favicon/android-icon-192x192.png]
[halo.cool/favicon/favicon-32x32.png]
[halo.cool/favicon/favicon-96x96.png]
[halo.cool/favicon/favicon-16x16.png]
[halo.cool/favicon/ms-icon-144x144.png]
[connect.facebook.net/en_US/sdk/xfbml.customerchat.js]
[halo.cool/files/salve.png]
[halo.cool/files/p2.jpg]
[halo.cool/files/br.png]
[halo.cool/files/abf.png]
[halo.cool/files/p4.jpg]
[halo.cool/files/mandr.png]
[halo.cool/files/nmg.png]
[halo.cool/files/jhu.png]
[halo.cool/files/hca.png]
[halo.cool/files/step.png]
[halo.cool/files/tangleed.png]
[halo.cool/files/wiltons.png]
[halo.cool/files/tf.png]
[halo.cool/files/tc.png]
[halo.cool/files/nip.png]
[halo.cool/bundles/halo/js/app.js]
[halo.cool/en/work.html]
[halo.cool/bundles/halo/css/app.css]
[www.googletagmanager.com/gtm5445.html]
[connect.facebook.net/en_US/sdk/xfbml.customerchat.js]
[halo.cool/files/pm.png]
[halo.cool/files/unicorn.png]
[halo.cool/files/recepti.png]
[halo.cool/en/privacy.html]
[halo.cool/en/services.html]
[halo.cool/en/careers.html]
[halo.cool/en/contact.html]
[halo.cool/en/ABCDEFGHIJKLMNOPQRSTUVWXYZabcdefghijklmnopqrstuvwxyz0123456789+/index.html]
[halo.cool/en/^([^_/indexd41d.html]
[halo.cool/en/GET.html]
[halo.cool/en/about-us]
